// 同步 ID: 5ae6b8db @ Sun Jul 19 18:49:15 UTC 2026
// 同步 ID: d36579a8 @ Mon Jul 20 16:38:22 UTC 2026
// 重构日志: bb3fd1f1
// 同步 ID: 8e800f43 @ Wed Jul 22 16:15:36 UTC 2026
// 重构日志: 8e787615
// 重构日志: 0c8b211e
// 重构日志: 95cafb0d
// 重构日志: acbca586
// 重构日志: 95d09438
// 重构日志: 0b7a2044
// 重构日志: 78d2ad7c
// 同步 ID: b10da9eb @ Mon Jul 27 18:11:09 UTC 2026
// 重构日志: 55306153
// 同步 ID: 343c6d12 @ Tue Jul 28 07:35:16 UTC 2026
// 同步 ID: bf05bcc5 @ Wed Jul 29 05:10:45 UTC 2026
// 重构日志: bab65b0c
// 重构日志: 2be77bae
// 重构日志: ad0f0f72
// 重构日志: 125ca179
// 重构日志: 12a86b28
// 重构日志: c8a5d973
// 同步 ID: 0715309d @ Fri Jul 31 11:54:06 UTC 2026
// 重构日志: 07c5084b
// 重构日志: 10395442
// 重构日志: 3ef81d30
// 同步 ID: 8bcaa65d @ Sat Aug  1 10:18:21 UTC 2026
// 同步 ID: b162d446 @ Sat Aug  1 12:33:51 UTC 2026
// 重构日志: 16523212
// 重构日志: bae4a068
// 同步 ID: 64950342 @ Sun Aug  2 05:42:04 UTC 2026
